{
  "version": "1.5.0",
  "plugins_used": [
    {
      "name": "ArtifactoryDetector"
    },
    {
      "name": "AWSKeyDetector"
    },
    {
      "name": "AzureStorageKeyDetector"
    },
    {
      "name": "Base64HighEntropyString",
      "limit": 4.5
    },
    {
      "name": "BasicAuthDetector"
    },
    {
      "name": "CloudantDetector"
    },
    {
      "name": "DiscordBotTokenDetector"
    },
    {
      "name": "GitHubTokenDetector"
    },
    {
      "name": "GitLabTokenDetector"
    },
    {
      "name": "HexHighEntropyString",
      "limit": 3.0
    },
    {
      "name": "IbmCloudIamDetector"
    },
    {
      "name": "IbmCosHmacDetector"
    },
    {
      "name": "IPPublicDetector"
    },
    {
      "name": "JwtTokenDetector"
    },
    {
      "name": "KeywordDetector",
      "keyword_exclude": ""
    },
    {
      "name": "MailchimpDetector"
    },
    {
      "name": "NpmDetector"
    },
    {
      "name": "OpenAIDetector"
    },
    {
      "name": "PrivateKeyDetector"
    },
    {
      "name": "PypiTokenDetector"
    },
    {
      "name": "SendGridDetector"
    },
    {
      "name": "SlackDetector"
    },
    {
      "name": "SoftlayerDetector"
    },
    {
      "name": "SquareOAuthDetector"
    },
    {
      "name": "StripeDetector"
    },
    {
      "name": "TelegramBotTokenDetector"
    },
    {
      "name": "TwilioKeyDetector"
    }
  ],
  "filters_used": [
    {
      "path": "detect_secrets.filters.allowlist.is_line_allowlisted"
    },
    {
      "path": "detect_secrets.filters.common.is_baseline_file",
      "filename": ".secrets.baseline"
    },
    {
      "path": "detect_secrets.filters.common.is_ignored_due_to_verification_policies",
      "min_level": 2
    },
    {
      "path": "detect_secrets.filters.heuristic.is_indirect_reference"
    },
    {
      "path": "detect_secrets.filters.heuristic.is_likely_id_string"
    },
    {
      "path": "detect_secrets.filters.heuristic.is_lock_file"
    },
    {
      "path": "detect_secrets.filters.heuristic.is_not_alphanumeric_string"
    },
    {
      "path": "detect_secrets.filters.heuristic.is_potential_uuid"
    },
    {
      "path": "detect_secrets.filters.heuristic.is_prefixed_with_dollar_sign"
    },
    {
      "path": "detect_secrets.filters.heuristic.is_sequential_string"
    },
    {
      "path": "detect_secrets.filters.heuristic.is_swagger_file"
    },
    {
      "path": "detect_secrets.filters.heuristic.is_templated_secret"
    },
    {
      "path": "detect_secrets.filters.regex.should_exclude_file",
      "pattern": [
        "node_modules/.*|\\.secrets\\.baseline"
      ]
    }
  ],
  "results": {
    "package.json": [
      {
        "type": "Secret Keyword",
        "filename": "package.json",
        "hashed_secret": "06edb5d6c62a2764f03fd7f3236a2b9b20d54e4a",
        "is_verified": false,
        "line_number": 13,
        "is_secret": false
      }
    ],
    "test/adversarial.test.js": [
      {
        "type": "Secret Keyword",
        "filename": "test/adversarial.test.js",
        "hashed_secret": "3acfb2c2b433c0ea7ff107e33df91b18e52f960f",
        "is_verified": false,
        "line_number": 445
      },
      {
        "type": "Secret Keyword",
        "filename": "test/adversarial.test.js",
        "hashed_secret": "6d9d9e4fc2eb42db5d9d2d1de1cba5184bc43611",
        "is_verified": false,
        "line_number": 988
      }
    ],
    "test/adversarial10.test.js": [
      {
        "type": "Secret Keyword",
        "filename": "test/adversarial10.test.js",
        "hashed_secret": "3acfb2c2b433c0ea7ff107e33df91b18e52f960f",
        "is_verified": false,
        "line_number": 79
      }
    ],
    "test/adversarial11.test.js": [
      {
        "type": "Secret Keyword",
        "filename": "test/adversarial11.test.js",
        "hashed_secret": "3acfb2c2b433c0ea7ff107e33df91b18e52f960f",
        "is_verified": false,
        "line_number": 68
      }
    ],
    "test/adversarial12.test.js": [
      {
        "type": "Secret Keyword",
        "filename": "test/adversarial12.test.js",
        "hashed_secret": "3acfb2c2b433c0ea7ff107e33df91b18e52f960f",
        "is_verified": false,
        "line_number": 72
      },
      {
        "type": "Secret Keyword",
        "filename": "test/adversarial12.test.js",
        "hashed_secret": "90f1709bb68282acd467290e97d0831d25f00e24",
        "is_verified": false,
        "line_number": 214
      },
      {
        "type": "Secret Keyword",
        "filename": "test/adversarial12.test.js",
        "hashed_secret": "ce0168f878063afb5973897268498f603f74a8b5",
        "is_verified": false,
        "line_number": 226
      }
    ],
    "test/adversarial13.test.js": [
      {
        "type": "Secret Keyword",
        "filename": "test/adversarial13.test.js",
        "hashed_secret": "3acfb2c2b433c0ea7ff107e33df91b18e52f960f",
        "is_verified": false,
        "line_number": 238
      }
    ],
    "test/adversarial14.test.js": [
      {
        "type": "Secret Keyword",
        "filename": "test/adversarial14.test.js",
        "hashed_secret": "3acfb2c2b433c0ea7ff107e33df91b18e52f960f",
        "is_verified": false,
        "line_number": 191
      }
    ],
    "test/adversarial15.test.js": [
      {
        "type": "Secret Keyword",
        "filename": "test/adversarial15.test.js",
        "hashed_secret": "3acfb2c2b433c0ea7ff107e33df91b18e52f960f",
        "is_verified": false,
        "line_number": 87
      },
      {
        "type": "Secret Keyword",
        "filename": "test/adversarial15.test.js",
        "hashed_secret": "2047ac5d2bcf3f44ea7279f8affd792d64621cd0",
        "is_verified": false,
        "line_number": 251
      }
    ],
    "test/adversarial16.test.js": [
      {
        "type": "Secret Keyword",
        "filename": "test/adversarial16.test.js",
        "hashed_secret": "3acfb2c2b433c0ea7ff107e33df91b18e52f960f",
        "is_verified": false,
        "line_number": 96
      }
    ],
    "test/adversarial2.test.js": [
      {
        "type": "Secret Keyword",
        "filename": "test/adversarial2.test.js",
        "hashed_secret": "3acfb2c2b433c0ea7ff107e33df91b18e52f960f",
        "is_verified": false,
        "line_number": 181
      }
    ],
    "test/adversarial3.test.js": [
      {
        "type": "Secret Keyword",
        "filename": "test/adversarial3.test.js",
        "hashed_secret": "3acfb2c2b433c0ea7ff107e33df91b18e52f960f",
        "is_verified": false,
        "line_number": 38
      }
    ],
    "test/adversarial4.test.js": [
      {
        "type": "Secret Keyword",
        "filename": "test/adversarial4.test.js",
        "hashed_secret": "3acfb2c2b433c0ea7ff107e33df91b18e52f960f",
        "is_verified": false,
        "line_number": 101
      }
    ],
    "test/adversarial5.test.js": [
      {
        "type": "Secret Keyword",
        "filename": "test/adversarial5.test.js",
        "hashed_secret": "3acfb2c2b433c0ea7ff107e33df91b18e52f960f",
        "is_verified": false,
        "line_number": 64
      }
    ],
    "test/adversarial6.test.js": [
      {
        "type": "Secret Keyword",
        "filename": "test/adversarial6.test.js",
        "hashed_secret": "3acfb2c2b433c0ea7ff107e33df91b18e52f960f",
        "is_verified": false,
        "line_number": 55
      }
    ],
    "test/adversarial7.test.js": [
      {
        "type": "Secret Keyword",
        "filename": "test/adversarial7.test.js",
        "hashed_secret": "3acfb2c2b433c0ea7ff107e33df91b18e52f960f",
        "is_verified": false,
        "line_number": 45
      }
    ],
    "test/adversarial8.test.js": [
      {
        "type": "Secret Keyword",
        "filename": "test/adversarial8.test.js",
        "hashed_secret": "3acfb2c2b433c0ea7ff107e33df91b18e52f960f",
        "is_verified": false,
        "line_number": 65
      }
    ],
    "test/adversarial9.test.js": [
      {
        "type": "Secret Keyword",
        "filename": "test/adversarial9.test.js",
        "hashed_secret": "3acfb2c2b433c0ea7ff107e33df91b18e52f960f",
        "is_verified": false,
        "line_number": 46
      }
    ],
    "test/classifier.test.js": [
      {
        "type": "Secret Keyword",
        "filename": "test/classifier.test.js",
        "hashed_secret": "3acfb2c2b433c0ea7ff107e33df91b18e52f960f",
        "is_verified": false,
        "line_number": 253,
        "is_secret": false
      }
    ],
    "test/llm.test.js": [
      {
        "type": "Secret Keyword",
        "filename": "test/llm.test.js",
        "hashed_secret": "3acfb2c2b433c0ea7ff107e33df91b18e52f960f",
        "is_verified": false,
        "line_number": 9,
        "is_secret": false
      },
      {
        "type": "Secret Keyword",
        "filename": "test/llm.test.js",
        "hashed_secret": "01c92a77244f5e8e3b1e566c4a9266e724de6d98",
        "is_verified": false,
        "line_number": 107,
        "is_secret": false
      }
    ],
    "test/setup-module.test.js": [
      {
        "type": "Secret Keyword",
        "filename": "test/setup-module.test.js",
        "hashed_secret": "3acfb2c2b433c0ea7ff107e33df91b18e52f960f",
        "is_verified": false,
        "line_number": 226,
        "is_secret": false
      }
    ],
    "test/validate-env.test.js": [
      {
        "type": "Secret Keyword",
        "filename": "test/validate-env.test.js",
        "hashed_secret": "3acfb2c2b433c0ea7ff107e33df91b18e52f960f",
        "is_verified": false,
        "line_number": 131,
        "is_secret": false
      }
    ]
  },
  "generated_at": "2026-04-26T17:34:30Z"
}
